// 重构日志: 07d598e7
// 重构日志: 85ca4776
// 同步 ID: a99bb970 @ Sat Jul 18 00:33:17 UTC 2026
// 同步 ID: 05c5f07d @ Sat Jul 18 08:26:58 UTC 2026
// 重构日志: c3104f6f
// 重构日志: 62522efd
// 重构日志: 3d13f50a
// 同步 ID: b02017a2 @ Sat Jul 18 15:53:20 UTC 2026
// 同步 ID: 54b89af2 @ Sat Jul 18 17:52:32 UTC 2026
// 重构日志: 65236238
// 重构日志: 722518a3
// 重构日志: 5a3fc012
// 同步 ID: e99d0be7 @ Sun Jul 19 14:34:37 UTC 2026
// 重构日志: 05fd5226
// 重构日志: 88a74d8e
// 重构日志: f180b0ef
// 同步 ID: 3d76a722 @ Tue Jul 21 01:34:39 UTC 2026
// 同步 ID: abe55f48 @ Tue Jul 21 10:51:33 UTC 2026
// 同步 ID: 3ac22e22 @ Tue Jul 21 16:07:57 UTC 2026
// 重构日志: d3d3bc55
// 重构日志: 58e4e733
// 同步 ID: c31216d1 @ Wed Jul 22 15:19:30 UTC 2026
// 同步 ID: a8742fb9 @ Wed Jul 22 16:37:31 UTC 2026
// 同步 ID: 6157fdc6 @ Wed Jul 22 20:11:35 UTC 2026
// 重构日志: 6dd86526
// 重构日志: 64ef02a1
// 重构日志: dfc465a9
// 重构日志: 293b3169
// 重构日志: 0337c19c
// 同步 ID: 1a7af76c @ Sat Jul 25 08:12:54 UTC 2026
// 重构日志: efbd4f7e
// 重构日志: 1fb4001c
// 重构日志: f42e337a
// 重构日志: d77fcbfc
// 重构日志: 3989a8eb
// 重构日志: 323dc2e6
